[debug] [2026-09-02T08:00:23.369Z] ----------------------------------------------------------------------
[debug] [2026-09-02T08:00:23.370Z] Command:       C:\Program Files\nodejs\node.exe C:\Users\ASUS\AppData\Roaming\npm\node_modules\firebase-tools\lib\bin\firebase.js deploy --only functions
[debug] [2026-09-02T08:00:23.370Z] CLI Version:   15.28.2
[debug] [2026-09-02T08:00:23.370Z] Platform:      win32
[debug] [2026-09-02T08:00:23.370Z] Node Version:  v24.20.0
[debug] [2026-09-02T08:00:23.370Z] Detected Agent: unknown
[debug] [2026-09-02T08:00:23.370Z] Time:          Wed Sep 02 2026 16:00:23 GMT+0800 (Philippine Standard Time)
[debug] [2026-09-02T08:00:23.370Z] ----------------------------------------------------------------------
[debug] 
[debug] [2026-09-02T08:00:23.956Z] > command requires scopes: ["email","openid","https://www.googleapis.com/auth/cloudplatformprojects.readonly","https://www.googleapis.com/auth/firebase","https://www.googleapis.com/auth/cloud-platform"]
[debug] [2026-09-02T08:00:23.956Z] > authorizing via signed-in user (jeleutz19@gmail.com)
[debug] [2026-09-02T08:00:23.956Z] [iam] checking project inbyte-95cd5 for permissions ["cloudfunctions.functions.create","cloudfunctions.functions.delete","cloudfunctions.functions.get","cloudfunctions.functions.list","cloudfunctions.functions.update","cloudfunctions.operations.get","firebase.projects.get"]
[debug] [2026-09-02T08:00:23.963Z] Checked if tokens are valid: true, expires at: 1788339533514
[debug] [2026-09-02T08:00:23.963Z] Checked if tokens are valid: true, expires at: 1788339533514
[debug] [2026-09-02T08:00:23.963Z] >>> [apiv2][query] POST https://cloudresourcemanager.googleapis.com/v1/projects/inbyte-95cd5:testIamPermissions [none]
[debug] [2026-09-02T08:00:23.964Z] >>> [apiv2][(partial)header] POST https://cloudresourcemanager.googleapis.com/v1/projects/inbyte-95cd5:testIamPermissions  x-goog-user-project=inbyte-95cd5
[debug] [2026-09-02T08:00:23.964Z] >>> [apiv2][body] POST https://cloudresourcemanager.googleapis.com/v1/projects/inbyte-95cd5:testIamPermissions {"permissions":["cloudfunctions.functions.create","cloudfunctions.functions.delete","cloudfunctions.functions.get","cloudfunctions.functions.list","cloudfunctions.functions.update","cloudfunctions.operations.get","firebase.projects.get"]}
[debug] [2026-09-02T14:56:45.265Z] ----------------------------------------------------------------------
[debug] [2026-09-02T14:56:45.270Z] Command:       C:\Program Files\nodejs\node.exe C:\Users\Dave\AppData\Roaming\npm\node_modules\firebase-tools\lib\bin\firebase.js deploy --only functions
[debug] [2026-09-02T14:56:45.270Z] CLI Version:   15.28.2
[debug] [2026-09-02T14:56:45.270Z] Platform:      win32
[debug] [2026-09-02T14:56:45.270Z] Node Version:  v24.20.0
[debug] [2026-09-02T14:56:45.271Z] Detected Agent: unknown
[debug] [2026-09-02T14:56:45.271Z] Time:          Wed Sep 02 2026 22:56:45 GMT+0800 (Philippine Standard Time)
[debug] [2026-09-02T14:56:45.271Z] ----------------------------------------------------------------------
[debug] 
[debug] [2026-09-02T14:56:55.924Z] > command requires scopes: ["email","openid","https://www.googleapis.com/auth/cloudplatformprojects.readonly","https://www.googleapis.com/auth/firebase","https://www.googleapis.com/auth/cloud-platform"]
[debug] [2026-09-02T14:56:55.925Z] > authorizing via signed-in user (jeleutz19@gmail.com)
[debug] [2026-09-02T14:56:55.925Z] [iam] checking project inbyte-95cd5 for permissions ["cloudfunctions.functions.create","cloudfunctions.functions.delete","cloudfunctions.functions.get","cloudfunctions.functions.list","cloudfunctions.functions.update","cloudfunctions.operations.get","firebase.projects.get"]
[debug] [2026-09-02T14:56:55.968Z] Checked if tokens are valid: true, expires at: 1788364487601
[debug] [2026-09-02T14:56:55.969Z] Checked if tokens are valid: true, expires at: 1788364487601
[debug] [2026-09-02T14:56:55.970Z] >>> [apiv2][query] POST https://cloudresourcemanager.googleapis.com/v1/projects/inbyte-95cd5:testIamPermissions [none]
[debug] [2026-09-02T14:56:55.971Z] >>> [apiv2][(partial)header] POST https://cloudresourcemanager.googleapis.com/v1/projects/inbyte-95cd5:testIamPermissions  x-goog-user-project=inbyte-95cd5
[debug] [2026-09-02T14:56:55.971Z] >>> [apiv2][body] POST https://cloudresourcemanager.googleapis.com/v1/projects/inbyte-95cd5:testIamPermissions {"permissions":["cloudfunctions.functions.create","cloudfunctions.functions.delete","cloudfunctions.functions.get","cloudfunctions.functions.list","cloudfunctions.functions.update","cloudfunctions.operations.get","firebase.projects.get"]}
[debug] [2026-09-02T14:56:57.025Z] <<< [apiv2][status] POST https://cloudresourcemanager.googleapis.com/v1/projects/inbyte-95cd5:testIamPermissions 200
[debug] [2026-09-02T14:56:57.032Z] <<< [apiv2][body] POST https://cloudresourcemanager.googleapis.com/v1/projects/inbyte-95cd5:testIamPermissions {"permissions":["cloudfunctions.functions.create","cloudfunctions.functions.delete","cloudfunctions.functions.get","cloudfunctions.functions.list","cloudfunctions.functions.update","cloudfunctions.operations.get","firebase.projects.get"]}
[debug] [2026-09-02T14:56:57.035Z] Checked if tokens are valid: true, expires at: 1788364487601
[debug] [2026-09-02T14:56:57.035Z] Checked if tokens are valid: true, expires at: 1788364487601
[debug] [2026-09-02T14:56:57.036Z] >>> [apiv2][query] POST https://iam.googleapis.com/v1/projects/inbyte-95cd5/serviceAccounts/inbyte-95cd5@appspot.gserviceaccount.com:testIamPermissions [none]
[debug] [2026-09-02T14:56:57.036Z] >>> [apiv2][body] POST https://iam.googleapis.com/v1/projects/inbyte-95cd5/serviceAccounts/inbyte-95cd5@appspot.gserviceaccount.com:testIamPermissions {"permissions":["iam.serviceAccounts.actAs"]}
[debug] [2026-09-02T14:56:58.224Z] <<< [apiv2][status] POST https://iam.googleapis.com/v1/projects/inbyte-95cd5/serviceAccounts/inbyte-95cd5@appspot.gserviceaccount.com:testIamPermissions 200
[debug] [2026-09-02T14:56:58.224Z] <<< [apiv2][body] POST https://iam.googleapis.com/v1/projects/inbyte-95cd5/serviceAccounts/inbyte-95cd5@appspot.gserviceaccount.com:testIamPermissions {"permissions":["iam.serviceAccounts.actAs"]}
[info] 
[info] === Deploying to 'inbyte-95cd5'...
[info] 
[info] i  deploying functions 
[debug] [2026-09-02T14:56:58.268Z] Checked if tokens are valid: true, expires at: 1788364487601
[debug] [2026-09-02T14:56:58.268Z] Checked if tokens are valid: true, expires at: 1788364487601
[debug] [2026-09-02T14:56:58.269Z] >>> [apiv2][query] GET https://serviceusage.googleapis.com/v1/projects/inbyte-95cd5/services/cloudresourcemanager.googleapis.com [none]
[debug] [2026-09-02T14:56:58.269Z] >>> [apiv2][(partial)header] GET https://serviceusage.googleapis.com/v1/projects/inbyte-95cd5/services/cloudresourcemanager.googleapis.com  x-goog-user-project=inbyte-95cd5
[debug] [2026-09-02T14:56:59.656Z] <<< [apiv2][status] GET https://serviceusage.googleapis.com/v1/projects/inbyte-95cd5/services/cloudresourcemanager.googleapis.com 200
[debug] [2026-09-02T14:56:59.656Z] <<< [apiv2][body] GET https://serviceusage.googleapis.com/v1/projects/inbyte-95cd5/services/cloudresourcemanager.googleapis.com [omitted]
[debug] [2026-09-02T14:56:59.666Z] Checked if tokens are valid: true, expires at: 1788364487601
[debug] [2026-09-02T14:56:59.666Z] Checked if tokens are valid: true, expires at: 1788364487601
[debug] [2026-09-02T14:56:59.666Z] >>> [apiv2][query] GET https://cloudresourcemanager.googleapis.com/v1/projects/inbyte-95cd5 [none]
[debug] [2026-09-02T14:56:59.933Z] <<< [apiv2][status] GET https://cloudresourcemanager.googleapis.com/v1/projects/inbyte-95cd5 200
[debug] [2026-09-02T14:56:59.933Z] <<< [apiv2][body] GET https://cloudresourcemanager.googleapis.com/v1/projects/inbyte-95cd5 {"projectNumber":"12505561820","projectId":"inbyte-95cd5","lifecycleState":"ACTIVE","name":"Inbyte","labels":{"firebase":"enabled","firebase-core":"disabled"},"createTime":"2026-08-29T19:06:29.549Z"}
[info] i  functions: preparing codebase default for deployment 
[info] i  functions: ensuring required API cloudfunctions.googleapis.com is enabled... 
[debug] [2026-09-02T14:56:59.937Z] Checked if tokens are valid: true, expires at: 1788364487601
[debug] [2026-09-02T14:56:59.937Z] Checked if tokens are valid: true, expires at: 1788364487601
[debug] [2026-09-02T14:56:59.938Z] Checked if tokens are valid: true, expires at: 1788364487601
[debug] [2026-09-02T14:56:59.938Z] Checked if tokens are valid: true, expires at: 1788364487601
[info] i  functions: ensuring required API cloudbuild.googleapis.com is enabled... 
[debug] [2026-09-02T14:56:59.940Z] Checked if tokens are valid: true, expires at: 1788364487601
[debug] [2026-09-02T14:56:59.940Z] Checked if tokens are valid: true, expires at: 1788364487601
[info] i  artifactregistry: ensuring required API artifactregistry.googleapis.com is enabled... 
[debug] [2026-09-02T14:56:59.942Z] Checked if tokens are valid: true, expires at: 1788364487601
[debug] [2026-09-02T14:56:59.942Z] Checked if tokens are valid: true, expires at: 1788364487601
[debug] [2026-09-02T14:56:59.942Z] >>> [apiv2][query] GET https://serviceusage.googleapis.com/v1/projects/inbyte-95cd5/services/cloudfunctions.googleapis.com [none]
[debug] [2026-09-02T14:56:59.943Z] >>> [apiv2][(partial)header] GET https://serviceusage.googleapis.com/v1/projects/inbyte-95cd5/services/cloudfunctions.googleapis.com  x-goog-user-project=inbyte-95cd5
[debug] [2026-09-02T14:56:59.943Z] >>> [apiv2][query] GET https://serviceusage.googleapis.com/v1/projects/inbyte-95cd5/services/runtimeconfig.googleapis.com [none]
[debug] [2026-09-02T14:56:59.943Z] >>> [apiv2][(partial)header] GET https://serviceusage.googleapis.com/v1/projects/inbyte-95cd5/services/runtimeconfig.googleapis.com  x-goog-user-project=inbyte-95cd5
[debug] [2026-09-02T14:56:59.945Z] >>> [apiv2][query] GET https://serviceusage.googleapis.com/v1/projects/inbyte-95cd5/services/cloudbuild.googleapis.com [none]
[debug] [2026-09-02T14:56:59.945Z] >>> [apiv2][(partial)header] GET https://serviceusage.googleapis.com/v1/projects/inbyte-95cd5/services/cloudbuild.googleapis.com  x-goog-user-project=inbyte-95cd5
[debug] [2026-09-02T14:56:59.949Z] >>> [apiv2][query] GET https://serviceusage.googleapis.com/v1/projects/inbyte-95cd5/services/artifactregistry.googleapis.com [none]
[debug] [2026-09-02T14:56:59.950Z] >>> [apiv2][(partial)header] GET https://serviceusage.googleapis.com/v1/projects/inbyte-95cd5/services/artifactregistry.googleapis.com  x-goog-user-project=inbyte-95cd5
[debug] [2026-09-02T14:57:01.273Z] <<< [apiv2][status] GET https://serviceusage.googleapis.com/v1/projects/inbyte-95cd5/services/runtimeconfig.googleapis.com 200
[debug] [2026-09-02T14:57:01.273Z] <<< [apiv2][body] GET https://serviceusage.googleapis.com/v1/projects/inbyte-95cd5/services/runtimeconfig.googleapis.com [omitted]
[debug] [2026-09-02T14:57:01.285Z] <<< [apiv2][status] GET https://serviceusage.googleapis.com/v1/projects/inbyte-95cd5/services/cloudbuild.googleapis.com 200
[debug] [2026-09-02T14:57:01.285Z] <<< [apiv2][body] GET https://serviceusage.googleapis.com/v1/projects/inbyte-95cd5/services/cloudbuild.googleapis.com [omitted]
[info] +  functions: required API cloudbuild.googleapis.com is enabled 
[debug] [2026-09-02T14:57:01.296Z] <<< [apiv2][status] GET https://serviceusage.googleapis.com/v1/projects/inbyte-95cd5/services/artifactregistry.googleapis.com 200
[debug] [2026-09-02T14:57:01.296Z] <<< [apiv2][body] GET https://serviceusage.googleapis.com/v1/projects/inbyte-95cd5/services/artifactregistry.googleapis.com [omitted]
[info] +  artifactregistry: required API artifactregistry.googleapis.com is enabled 
[debug] [2026-09-02T14:57:02.326Z] <<< [apiv2][status] GET https://serviceusage.googleapis.com/v1/projects/inbyte-95cd5/services/cloudfunctions.googleapis.com 200
[debug] [2026-09-02T14:57:02.326Z] <<< [apiv2][body] GET https://serviceusage.googleapis.com/v1/projects/inbyte-95cd5/services/cloudfunctions.googleapis.com [omitted]
[info] +  functions: required API cloudfunctions.googleapis.com is enabled 
[debug] [2026-09-02T14:57:02.334Z] Checked if tokens are valid: true, expires at: 1788364487601
[debug] [2026-09-02T14:57:02.335Z] Checked if tokens are valid: true, expires at: 1788364487601
[debug] [2026-09-02T14:57:02.335Z] >>> [apiv2][query] GET https://firebase.googleapis.com/v1beta1/projects/inbyte-95cd5/adminSdkConfig [none]
[debug] [2026-09-02T14:57:02.699Z] <<< [apiv2][status] GET https://firebase.googleapis.com/v1beta1/projects/inbyte-95cd5/adminSdkConfig 200
[debug] [2026-09-02T14:57:02.701Z] <<< [apiv2][body] GET https://firebase.googleapis.com/v1beta1/projects/inbyte-95cd5/adminSdkConfig {"projectId":"inbyte-95cd5","storageBucket":"inbyte-95cd5.firebasestorage.app"}
[debug] [2026-09-02T14:57:02.705Z] Validating nodejs source
[warn] !  functions: Couldn't find firebase-functions package in your source code. Have you run 'npm install'? 
[debug] [2026-09-02T14:57:02.712Z] getFunctionsSDKVersion encountered error: Cannot find module 'firebase-functions'
Require stack:
- C:\Users\Dave\AppData\Roaming\npm\node_modules\firebase-tools\lib\deploy\functions\runtimes\node\versioning.js
- C:\Users\Dave\AppData\Roaming\npm\node_modules\firebase-tools\lib\deploy\functions\runtimes\node\index.js
- C:\Users\Dave\AppData\Roaming\npm\node_modules\firebase-tools\lib\deploy\functions\runtimes\index.js
- C:\Users\Dave\AppData\Roaming\npm\node_modules\firebase-tools\lib\deploy\functions\prepare.js
- C:\Users\Dave\AppData\Roaming\npm\node_modules\firebase-tools\lib\emulator\functionsEmulatorShared.js
- C:\Users\Dave\AppData\Roaming\npm\node_modules\firebase-tools\lib\frameworks\index.js
- C:\Users\Dave\AppData\Roaming\npm\node_modules\firebase-tools\lib\deploy\hosting\prepare.js
- C:\Users\Dave\AppData\Roaming\npm\node_modules\firebase-tools\lib\deploy\hosting\index.js
- C:\Users\Dave\AppData\Roaming\npm\node_modules\firebase-tools\lib\deploy\index.js
- C:\Users\Dave\AppData\Roaming\npm\node_modules\firebase-tools\lib\checkValidTargetFilters.js
- C:\Users\Dave\AppData\Roaming\npm\node_modules\firebase-tools\lib\commands\deploy.js
- C:\Users\Dave\AppData\Roaming\npm\node_modules\firebase-tools\lib\commands\index.js
- C:\Users\Dave\AppData\Roaming\npm\node_modules\firebase-tools\lib\index.js
- C:\Users\Dave\AppData\Roaming\npm\node_modules\firebase-tools\lib\bin\cli.js
- C:\Users\Dave\AppData\Roaming\npm\node_modules\firebase-tools\lib\bin\firebase.js {"code":"MODULE_NOT_FOUND","requireStack":["C:\\Users\\Dave\\AppData\\Roaming\\npm\\node_modules\\firebase-tools\\lib\\deploy\\functions\\runtimes\\node\\versioning.js","C:\\Users\\Dave\\AppData\\Roaming\\npm\\node_modules\\firebase-tools\\lib\\deploy\\functions\\runtimes\\node\\index.js","C:\\Users\\Dave\\AppData\\Roaming\\npm\\node_modules\\firebase-tools\\lib\\deploy\\functions\\runtimes\\index.js","C:\\Users\\Dave\\AppData\\Roaming\\npm\\node_modules\\firebase-tools\\lib\\deploy\\functions\\prepare.js","C:\\Users\\Dave\\AppData\\Roaming\\npm\\node_modules\\firebase-tools\\lib\\emulator\\functionsEmulatorShared.js","C:\\Users\\Dave\\AppData\\Roaming\\npm\\node_modules\\firebase-tools\\lib\\frameworks\\index.js","C:\\Users\\Dave\\AppData\\Roaming\\npm\\node_modules\\firebase-tools\\lib\\deploy\\hosting\\prepare.js","C:\\Users\\Dave\\AppData\\Roaming\\npm\\node_modules\\firebase-tools\\lib\\deploy\\hosting\\index.js","C:\\Users\\Dave\\AppData\\Roaming\\npm\\node_modules\\firebase-tools\\lib\\deploy\\index.js","C:\\Users\\Dave\\AppData\\Roaming\\npm\\node_modules\\firebase-tools\\lib\\checkValidTargetFilters.js","C:\\Users\\Dave\\AppData\\Roaming\\npm\\node_modules\\firebase-tools\\lib\\commands\\deploy.js","C:\\Users\\Dave\\AppData\\Roaming\\npm\\node_modules\\firebase-tools\\lib\\commands\\index.js","C:\\Users\\Dave\\AppData\\Roaming\\npm\\node_modules\\firebase-tools\\lib\\index.js","C:\\Users\\Dave\\AppData\\Roaming\\npm\\node_modules\\firebase-tools\\lib\\bin\\cli.js","C:\\Users\\Dave\\AppData\\Roaming\\npm\\node_modules\\firebase-tools\\lib\\bin\\firebase.js"]}
[debug] [2026-09-02T14:57:02.712Z] checkFunctionsSDKVersion encountered error: Invalid Version:  {}
[debug] [2026-09-02T14:57:02.721Z] > [functions] package.json contents: {
  "name": "functions",
  "description": "Cloud Functions for Firebase",
  "scripts": {
    "serve": "firebase emulators:start --only functions",
    "shell": "firebase functions:shell",
    "start": "npm run shell",
    "deploy": "firebase deploy --only functions",
    "logs": "firebase functions:log"
  },
  "engines": {
    "node": "24"
  },
  "main": "index.js",
  "dependencies": {
    "cors": "^2.8.6",
    "firebase-admin": "^13.6.0",
    "firebase-functions": "^7.0.0"
  },
  "devDependencies": {
    "firebase-functions-test": "^3.4.1"
  },
  "private": true
}
[debug] [2026-09-02T14:57:02.721Z] Building nodejs source
[info] i  functions: Loaded environment variables from functions\.env 
[info] i  functions: Loading and analyzing source code for codebase default to determine what to deploy 
[debug] [2026-09-02T14:57:02.729Z] Could not parse firebase-functions version '' into semver.
[debug] [2026-09-02T14:57:02.730Z] Could not find functions.yaml. Must use http discovery
[debug] [2026-09-02T14:57:02.790Z] Error: Cannot find module 'firebase-functions'
Require stack:
- C:\Users\Dave\AppData\Roaming\npm\node_modules\firebase-tools\lib\deploy\functions\runtimes\node\index.js
- C:\Users\Dave\AppData\Roaming\npm\node_modules\firebase-tools\lib\deploy\functions\runtimes\index.js
- C:\Users\Dave\AppData\Roaming\npm\node_modules\firebase-tools\lib\deploy\functions\prepare.js
- C:\Users\Dave\AppData\Roaming\npm\node_modules\firebase-tools\lib\emulator\functionsEmulatorShared.js
- C:\Users\Dave\AppData\Roaming\npm\node_modules\firebase-tools\lib\frameworks\index.js
- C:\Users\Dave\AppData\Roaming\npm\node_modules\firebase-tools\lib\deploy\hosting\prepare.js
- C:\Users\Dave\AppData\Roaming\npm\node_modules\firebase-tools\lib\deploy\hosting\index.js
- C:\Users\Dave\AppData\Roaming\npm\node_modules\firebase-tools\lib\deploy\index.js
- C:\Users\Dave\AppData\Roaming\npm\node_modules\firebase-tools\lib\checkValidTargetFilters.js
- C:\Users\Dave\AppData\Roaming\npm\node_modules\firebase-tools\lib\commands\deploy.js
- C:\Users\Dave\AppData\Roaming\npm\node_modules\firebase-tools\lib\commands\index.js
- C:\Users\Dave\AppData\Roaming\npm\node_modules\firebase-tools\lib\index.js
- C:\Users\Dave\AppData\Roaming\npm\node_modules\firebase-tools\lib\bin\cli.js
- C:\Users\Dave\AppData\Roaming\npm\node_modules\firebase-tools\lib\bin\firebase.js
    at Module._resolveFilename (node:internal/modules/cjs/loader:1564:15)
    at wrapResolveFilename (node:internal/modules/cjs/loader:1118:27)
    at resolveForCJSWithHooks (node:internal/modules/cjs/loader:1169:12)
    at require.resolve (node:internal/modules/helpers:175:31)
    at Delegate.findFunctionsBinary (C:\Users\Dave\AppData\Roaming\npm\node_modules\firebase-tools\lib\deploy\functions\runtimes\node\index.js:98:33)
    at Delegate.spawnFunctionsProcess (C:\Users\Dave\AppData\Roaming\npm\node_modules\firebase-tools\lib\deploy\functions\runtimes\node\index.js:128:30)
    at Delegate.serveAdmin (C:\Users\Dave\AppData\Roaming\npm\node_modules\firebase-tools\lib\deploy\functions\runtimes\node\index.js:149:35)
    at Delegate.discoverBuild (C:\Users\Dave\AppData\Roaming\npm\node_modules\firebase-tools\lib\deploy\functions\runtimes\node\index.js:192:41)
    at process.processTicksAndRejections (node:internal/process/task_queues:104:5)
    at async loadCodebases (C:\Users\Dave\AppData\Roaming\npm\node_modules\firebase-tools\lib\deploy\functions\prepare.js:532:33)
[error] 
[error] Error: An unexpected error has occurred.
